{'Data': {'Rid': 105719494, 'Robots': [{'Uid': 1354688, 'Seat': 0}, {'Uid': 1349890, 'Seat': 1}, {'Uid': 1328941, 'Seat': 2}, {'Uid': 1334062, 'Seat': 3}]}, 'Type': 'create_game'}
{'Data': {'id': 3, 'type': 'start_game'}, 'Rid': 105719494}
{'Data': {'bakaze': 'E', 'dora_marker': '2s', 'honba': 0, 'kyoku': 1, 'kyotaku': 0, 'oya': 3, 'scores': [25000, 25000, 25000, 25000], 'tehais': [['1m', '2m', '4m', '6m', '2p', '4p', '5p', '7p', '3s', '8s', 'N', 'N', 'C'], ['1m', '3m', '3m', '6m', '8m', '2p', '3p', '8p', '9p', '1s', 'P', 'F', 'C'], ['3m', '7m', '8m', '2p', '7p', '9p', '9p', '4s', '5sr', '6s', 'E', 'P', 'F'], ['2m', '5m', '1p', '7p', '8p', '1s', '2s', '4s', '5s', '6s', '7s', '8s', 'S']], 'type': 'start_kyoku'}, 'Rid': 105719494}
{'Data': {'actor': 3, 'pai': 'F', 'type': 'tsumo'}, 'Rid': 105719494}
{'Data': {'actor': 3, 'pai': 'S', 'tsumogiri': False, 'type': 'dahai'}, 'Rid': 105719494}
{'Data': {'actor': 0, 'pai': 'S', 'type': 'tsumo'}, 'Rid': 105719494}
{'Data': {'actor': 0, 'pai': '2p', 'tsumogiri': False, 'type': 'dahai'}, 'Rid': 105719494}
{'Data': {'actor': 1, 'pai': 'E', 'type': 'tsumo'}, 'Rid': 105719494}
{'Data': {'actor': 1, 'pai': 'E', 'tsumogiri': False, 'type': 'dahai'}, 'Rid': 105719494}
{'Data': {'actor': 2, 'pai': '1m', 'type': 'tsumo'}, 'Rid': 105719494}
{'Data': {'actor': 2, 'pai': 'E', 'tsumogiri': False, 'type': 'dahai'}, 'Rid': 105719494}
{'Data': {'actor': 3, 'pai': 'S', 'type': 'tsumo'}, 'Rid': 105719494}
{'Data': {'actor': 3, 'pai': 'S', 'tsumogiri': False, 'type': 'dahai'}, 'Rid': 105719494}
{'Data': {'actor': 0, 'pai': '5p', 'type': 'tsumo'}, 'Rid': 105719494}
{'Data': {'actor': 0, 'pai': 'S', 'tsumogiri': False, 'type': 'dahai'}, 'Rid': 105719494}
{'Data': {'actor': 1, 'pai': 'E', 'type': 'tsumo'}, 'Rid': 105719494}
{'Data': {'actor': 1, 'pai': 'E', 'tsumogiri': False, 'type': 'dahai'}, 'Rid': 105719494}
{'Data': {'actor': 2, 'pai': '2s', 'type': 'tsumo'}, 'Rid': 105719494}
{'Data': {'actor': 2, 'pai': 'F', 'tsumogiri': False, 'type': 'dahai'}, 'Rid': 105719494}
{'Data': {'actor': 3, 'pai': 'P', 'type': 'tsumo'}, 'Rid': 105719494}
{'Data': {'actor': 3, 'pai': 'F', 'tsumogiri': False, 'type': 'dahai'}, 'Rid': 105719494}
{'Data': {'actor': 0, 'pai': '2p', 'type': 'tsumo'}, 'Rid': 105719494}
{'Data': {'actor': 0, 'pai': '2p', 'tsumogiri': False, 'type': 'dahai'}, 'Rid': 105719494}
{'Data': {'actor': 1, 'pai': '6p', 'type': 'tsumo'}, 'Rid': 105719494}
{'Data': {'actor': 1, 'pai': 'F', 'tsumogiri': False, 'type': 'dahai'}, 'Rid': 105719494}
{'Data': {'actor': 2, 'pai': '3p', 'type': 'tsumo'}, 'Rid': 105719494}
{'Data': {'actor': 2, 'pai': 'P', 'tsumogiri': False, 'type': 'dahai'}, 'Rid': 105719494}
{'Data': {'actor': 3, 'pai': '9p', 'type': 'tsumo'}, 'Rid': 105719494}
{'Data': {'actor': 3, 'pai': 'P', 'tsumogiri': False, 'type': 'dahai'}, 'Rid': 105719494}
{'Data': {'actor': 0, 'pai': '4p', 'type': 'tsumo'}, 'Rid': 105719494}
{'Data': {'actor': 0, 'pai': 'N', 'tsumogiri': False, 'type': 'dahai'}, 'Rid': 105719494}
{'Data': {'actor': 1, 'pai': '2m', 'type': 'tsumo'}, 'Rid': 105719494}
{'Data': {'actor': 1, 'pai': 'P', 'tsumogiri': False, 'type': 'dahai'}, 'Rid': 105719494}
{'Data': {'actor': 2, 'pai': '3p', 'type': 'tsumo'}, 'Rid': 105719494}
{'Data': {'actor': 2, 'pai': '2s', 'tsumogiri': False, 'type': 'dahai'}, 'Rid': 105719494}
{'Data': {'actor': 3, 'pai': '5s', 'type': 'tsumo'}, 'Rid': 105719494}
{'Data': {'actor': 3, 'pai': '1p', 'tsumogiri': False, 'type': 'dahai'}, 'Rid': 105719494}
{'Data': {'actor': 0, 'pai': '4m', 'type': 'tsumo'}, 'Rid': 105719494}
{'Data': {'actor': 0, 'pai': 'N', 'tsumogiri': False, 'type': 'dahai'}, 'Rid': 105719494}
{'Data': {'actor': 1, 'pai': '7s', 'type': 'tsumo'}, 'Rid': 105719494}
{'Data': {'actor': 1, 'pai': 'C', 'tsumogiri': False, 'type': 'dahai'}, 'Rid': 105719494}
{'Data': {'actor': 2, 'pai': '9s', 'type': 'tsumo'}, 'Rid': 105719494}
{'Data': {'actor': 2, 'pai': '9s', 'tsumogiri': False, 'type': 'dahai'}, 'Rid': 105719494}
{'Data': {'actor': 3, 'type': 'none'}, 'Rid': 105719494}
{'Data': {'actor': 3, 'pai': '7m', 'type': 'tsumo'}, 'Rid': 105719494}
{'Data': {'actor': 3, 'pai': '2m', 'tsumogiri': False, 'type': 'dahai'}, 'Rid': 105719494}
{'Data': {'actor': 0, 'pai': '3p', 'type': 'tsumo'}, 'Rid': 105719494}
{'Data': {'actor': 0, 'pai': '3p', 'tsumogiri': False, 'type': 'dahai'}, 'Rid': 105719494}
{'Data': {'actor': 2, 'type': 'none'}, 'Rid': 105719494}
{'Data': {'actor': 1, 'pai': '9m', 'type': 'tsumo'}, 'Rid': 105719494}
{'Data': {'actor': 1, 'pai': '3m', 'tsumogiri': False, 'type': 'dahai'}, 'Rid': 105719494}
{'Data': {'actor': 2, 'pai': '8m', 'type': 'tsumo'}, 'Rid': 105719494}
{'Data': {'actor': 2, 'pai': '3p', 'tsumogiri': False, 'type': 'dahai'}, 'Rid': 105719494}
{'Data': {'actor': 3, 'pai': 'C', 'type': 'tsumo'}, 'Rid': 105719494}
{'Data': {'actor': 3, 'pai': 'C', 'tsumogiri': False, 'type': 'dahai'}, 'Rid': 105719494}
{'Data': {'actor': 0, 'pai': '5pr', 'type': 'tsumo'}, 'Rid': 105719494}
{'Data': {'actor': 0, 'pai': '5pr', 'tsumogiri': False, 'type': 'dahai'}, 'Rid': 105719494}
{'Data': {'actor': 1, 'pai': '7s', 'type': 'tsumo'}, 'Rid': 105719494}
{'Data': {'actor': 1, 'pai': '9p', 'tsumogiri': False, 'type': 'dahai'}, 'Rid': 105719494}
{'Data': {'actor': 2, 'type': 'none'}, 'Rid': 105719494}
{'Data': {'actor': 2, 'pai': '6p', 'type': 'tsumo'}, 'Rid': 105719494}
{'Data': {'actor': 2, 'pai': '3m', 'tsumogiri': False, 'type': 'dahai'}, 'Rid': 105719494}
{'Data': {'actor': 3, 'pai': 'W', 'type': 'tsumo'}, 'Rid': 105719494}
{'Data': {'actor': 3, 'pai': 'W', 'tsumogiri': False, 'type': 'dahai'}, 'Rid': 105719494}
{'Data': {'actor': 0, 'pai': '6s', 'type': 'tsumo'}, 'Rid': 105719494}
{'Data': {'actor': 0, 'pai': '7p', 'tsumogiri': False, 'type': 'dahai'}, 'Rid': 105719494}
{'Data': {'actor': 1, 'type': 'none'}, 'Rid': 105719494}
{'Data': {'actor': 1, 'pai': '1s', 'type': 'tsumo'}, 'Rid': 105719494}
{'Data': {'actor': 1, 'pai': '9m', 'tsumogiri': False, 'type': 'dahai'}, 'Rid': 105719494}
{'Data': {'actor': 2, 'type': 'none'}, 'Rid': 105719494}
{'Data': {'actor': 2, 'pai': '3m', 'type': 'tsumo'}, 'Rid': 105719494}
{'Data': {'actor': 2, 'pai': '3m', 'tsumogiri': False, 'type': 'dahai'}, 'Rid': 105719494}
{'Data': {'actor': 3, 'pai': '1m', 'type': 'tsumo'}, 'Rid': 105719494}
{'Data': {'actor': 3, 'pai': '1m', 'tsumogiri': False, 'type': 'dahai'}, 'Rid': 105719494}
{'Data': {'actor': 0, 'pai': '9s', 'type': 'tsumo'}, 'Rid': 105719494}
{'Data': {'actor': 0, 'pai': 'C', 'tsumogiri': False, 'type': 'dahai'}, 'Rid': 105719494}
{'Data': {'actor': 1, 'pai': '8m', 'type': 'tsumo'}, 'Rid': 105719494}
{'Data': {'actor': 1, 'pai': '1s', 'tsumogiri': False, 'type': 'dahai'}, 'Rid': 105719494}
{'Data': {'actor': 2, 'pai': '9s', 'type': 'tsumo'}, 'Rid': 105719494}
{'Data': {'actor': 2, 'pai': '9s', 'tsumogiri': False, 'type': 'dahai'}, 'Rid': 105719494}
{'Data': {'actor': 3, 'type': 'none'}, 'Rid': 105719494}
{'Data': {'actor': 3, 'pai': '9m', 'type': 'tsumo'}, 'Rid': 105719494}
{'Data': {'actor': 3, 'pai': '1s', 'tsumogiri': False, 'type': 'dahai'}, 'Rid': 105719494}
{'Data': {'actor': 0, 'pai': 'N', 'type': 'tsumo'}, 'Rid': 105719494}
{'Data': {'actor': 0, 'pai': 'N', 'tsumogiri': False, 'type': 'dahai'}, 'Rid': 105719494}
{'Data': {'actor': 1, 'pai': '3s', 'type': 'tsumo'}, 'Rid': 105719494}
{'Data': {'actor': 1, 'pai': '6p', 'tsumogiri': False, 'type': 'dahai'}, 'Rid': 105719494}
{'Data': {'actor': 2, 'pai': 'W', 'type': 'tsumo'}, 'Rid': 105719494}
{'Data': {'actor': 2, 'pai': '1m', 'tsumogiri': False, 'type': 'dahai'}, 'Rid': 105719494}
{'Data': {'actor': 3, 'pai': '4m', 'type': 'tsumo'}, 'Rid': 105719494}
{'Data': {'actor': 3, 'pai': '7m', 'tsumogiri': False, 'type': 'dahai'}, 'Rid': 105719494}
{'Data': {'actor': 0, 'pai': '6p', 'type': 'tsumo'}, 'Rid': 105719494}
{'Data': {'actor': 0, 'pai': '3s', 'tsumogiri': False, 'type': 'dahai'}, 'Rid': 105719494}
{'Data': {'actor': 1, 'pai': '1p', 'type': 'tsumo'}, 'Rid': 105719494}
{'Data': {'actor': 1, 'pai': '8p', 'tsumogiri': False, 'type': 'dahai'}, 'Rid': 105719494}
{'Data': {'actor': 2, 'type': 'none'}, 'Rid': 105719494}
{'Data': {'actor': 2, 'pai': '7m', 'type': 'tsumo'}, 'Rid': 105719494}
{'Data': {'actor': 2, 'pai': '7m', 'tsumogiri': False, 'type': 'dahai'}, 'Rid': 105719494}
{'Data': {'actor': 3, 'pai': '8s', 'type': 'tsumo'}, 'Rid': 105719494}
{'Data': {'actor': 3, 'pai': '2s', 'tsumogiri': False, 'type': 'dahai'}, 'Rid': 105719494}
{'Data': {'actor': 0, 'pai': 'E', 'type': 'tsumo'}, 'Rid': 105719494}
{'Data': {'actor': 0, 'pai': 'E', 'tsumogiri': False, 'type': 'dahai'}, 'Rid': 105719494}
{'Data': {'actor': 1, 'pai': '4p', 'type': 'tsumo'}, 'Rid': 105719494}
{'Data': {'actor': 1, 'pai': '4p', 'tsumogiri': False, 'type': 'dahai'}, 'Rid': 105719494}
{'Data': {'actor': 2, 'type': 'none'}, 'Rid': 105719494}
{'Data': {'actor': 2, 'pai': 'N', 'type': 'tsumo'}, 'Rid': 105719494}
{'Data': {'actor': 2, 'pai': 'W', 'tsumogiri': False, 'type': 'dahai'}, 'Rid': 105719494}
{'Data': {'actor': 3, 'pai': '2s', 'type': 'tsumo'}, 'Rid': 105719494}
{'Data': {'actor': 3, 'pai': '2s', 'tsumogiri': False, 'type': 'dahai'}, 'Rid': 105719494}
{'Data': {'actor': 0, 'pai': '5p', 'type': 'tsumo'}, 'Rid': 105719494}
{'Data': {'actor': 0, 'pai': '6s', 'tsumogiri': False, 'type': 'dahai'}, 'Rid': 105719494}
{'Data': {'actor': 1, 'pai': 'W', 'type': 'tsumo'}, 'Rid': 105719494}
{'Data': {'actor': 1, 'pai': 'W', 'tsumogiri': False, 'type': 'dahai'}, 'Rid': 105719494}
{'Data': {'actor': 2, 'pai': 'P', 'type': 'tsumo'}, 'Rid': 105719494}
{'Data': {'actor': 2, 'pai': 'N', 'tsumogiri': False, 'type': 'dahai'}, 'Rid': 105719494}
{'Data': {'actor': 3, 'pai': '6p', 'type': 'tsumo'}, 'Rid': 105719494}
{'Data': {'actor': 3, 'pai': '9m', 'tsumogiri': False, 'type': 'dahai'}, 'Rid': 105719494}
{'Data': {'actor': 0, 'pai': '1p', 'type': 'tsumo'}, 'Rid': 105719494}
{'Data': {'actor': 0, 'pai': '1p', 'tsumogiri': False, 'type': 'dahai'}, 'Rid': 105719494}
{'Data': {'actor': 1, 'type': 'none'}, 'Rid': 105719494}
{'Data': {'actor': 1, 'pai': '2m', 'type': 'tsumo'}, 'Rid': 105719494}
{'Data': {'actor': 1, 'pai': '2m', 'tsumogiri': False, 'type': 'dahai'}, 'Rid': 105719494}
{'Data': {'actor': 2, 'pai': '6m', 'type': 'tsumo'}, 'Rid': 105719494}
{'Data': {'actor': 2, 'pai': '8m', 'tsumogiri': False, 'type': 'dahai'}, 'Rid': 105719494}
{'Data': {'actor': 1, 'consumed': ['8m', '8m'], 'pai': '8m', 'target': 2, 'type': 'pon'}, 'Rid': 105719494}
{'Data': {'actor': 1, 'pai': '6m', 'tsumogiri': False, 'type': 'dahai'}, 'Rid': 105719494}
{'Data': {'actor': 2, 'type': 'none'}, 'Rid': 105719494}
{'Data': {'actor': 2, 'pai': '8p', 'type': 'tsumo'}, 'Rid': 105719494}
{'Data': {'actor': 2, 'type': 'reach'}, 'Rid': 105719494}
{'Data': {'actor': 2, 'pai': 'P', 'tsumogiri': False, 'type': 'dahai'}, 'Rid': 105719494}
{'Data': {'actor': 2, 'type': 'reach_accepted'}, 'Rid': 105719494}
{'Data': {'actor': 3, 'pai': '5mr', 'type': 'tsumo'}, 'Rid': 105719494}
{'Data': {'actor': 3, 'pai': '4m', 'tsumogiri': False, 'type': 'dahai'}, 'Rid': 105719494}
{'Data': {'actor': 0, 'type': 'none'}, 'Rid': 105719494}
{'Data': {'actor': 0, 'pai': '6s', 'type': 'tsumo'}, 'Rid': 105719494}
{'Data': {'actor': 0, 'pai': '6s', 'tsumogiri': False, 'type': 'dahai'}, 'Rid': 105719494}
{'Data': {'actor': 1, 'pai': 'F', 'type': 'tsumo'}, 'Rid': 105719494}
{'Data': {'actor': 1, 'pai': 'F', 'tsumogiri': False, 'type': 'dahai'}, 'Rid': 105719494}
{'Data': {'actor': 2, 'pai': '5m', 'type': 'tsumo'}, 'Rid': 105719494}
{'Data': {'actor': 2, 'pai': '5m', 'tsumogiri': False, 'type': 'dahai'}, 'Rid': 105719494}
{'Data': {'actor': 3, 'consumed': ['5m', '5mr'], 'pai': '5m', 'target': 2, 'type': 'pon'}, 'Rid': 105719494}
{'Data': {'actor': 3, 'pai': '9p', 'tsumogiri': False, 'type': 'dahai'}, 'Rid': 105719494}
{'Data': {'actor': 0, 'pai': 'S', 'type': 'tsumo'}, 'Rid': 105719494}
{'Data': {'actor': 0, 'pai': 'S', 'tsumogiri': False, 'type': 'dahai'}, 'Rid': 105719494}
{'Data': {'actor': 1, 'pai': '6m', 'type': 'tsumo'}, 'Rid': 105719494}
{'Data': {'actor': 1, 'pai': '6m', 'tsumogiri': False, 'type': 'dahai'}, 'Rid': 105719494}
{'Data': {'actor': 2, 'pai': '7p', 'type': 'tsumo'}, 'Rid': 105719494}
{'Data': {'actor': 2, 'pai': '7p', 'tsumogiri': False, 'type': 'dahai'}, 'Rid': 105719494}
{'Data': {'actor': 3, 'type': 'none'}, 'Rid': 105719494}
{'Data': {'actor': 3, 'pai': '8s', 'type': 'tsumo'}, 'Rid': 105719494}
{'Data': {'actor': 3, 'pai': '8s', 'tsumogiri': False, 'type': 'dahai'}, 'Rid': 105719494}
{'Data': {'actor': 0, 'pai': '7m', 'type': 'tsumo'}, 'Rid': 105719494}
{'Data': {'actor': 0, 'pai': '7m', 'tsumogiri': False, 'type': 'dahai'}, 'Rid': 105719494}
{'Data': {'actor': 1, 'pai': '4m', 'type': 'tsumo'}, 'Rid': 105719494}
{'Data': {'actor': 1, 'pai': '1m', 'tsumogiri': False, 'type': 'dahai'}, 'Rid': 105719494}
{'Data': {'actor': 2, 'pai': '4p', 'type': 'tsumo'}, 'Rid': 105719494}
{'Data': {'actor': 2, 'pai': '4p', 'target': 2, 'type': 'hora'}, 'Rid': 105719494}
{'Data': {'type': 'end_kyoku'}, 'Rid': 105719494}
{'Data': {'bakaze': 'E', 'dora_marker': '2m', 'honba': 0, 'kyoku': 2, 'kyotaku': 0, 'oya': 0, 'scores': [22000, 22000, 37000, 19000], 'tehais': [['1m', '2m', '4m', '1p', '1p', '3p', '4p', '8p', '3s', '4s', '8s', '8s', 'E'], ['3m', '8m', '2p', '3p', '5p', '7p', '9p', '2s', '6s', '7s', '9s', 'W', 'W'], ['7m', '7m', '8m', '9m', '1p', '5p', '7p', '4s', '4s', '5sr', 'E', 'S', 'C'], ['2m', '5m', '6m', '8m', '4p', '6p', '9p', '9p', '5s', '6s', '9s', 'S', 'C']], 'type': 'start_kyoku'}, 'Rid': 105719494}
{'Data': {'actor': 0, 'pai': 'P', 'type': 'tsumo'}, 'Rid': 105719494}
{'Data': {'actor': 0, 'pai': 'P', 'tsumogiri': False, 'type': 'dahai'}, 'Rid': 105719494}
{'Data': {'actor': 1, 'pai': '3m', 'type': 'tsumo'}, 'Rid': 105719494}
{'Data': {'actor': 1, 'pai': '9s', 'tsumogiri': False, 'type': 'dahai'}, 'Rid': 105719494}
{'Data': {'actor': 2, 'type': 'none'}, 'Rid': 105719494}
{'Data': {'actor': 2, 'pai': 'N', 'type': 'tsumo'}, 'Rid': 105719494}
{'Data': {'actor': 2, 'pai': 'N', 'tsumogiri': False, 'type': 'dahai'}, 'Rid': 105719494}
{'Data': {'actor': 3, 'pai': '9s', 'type': 'tsumo'}, 'Rid': 105719494}
{'Data': {'actor': 3, 'pai': 'S', 'tsumogiri': False, 'type': 'dahai'}, 'Rid': 105719494}
{'Data': {'actor': 0, 'pai': '3m', 'type': 'tsumo'}, 'Rid': 105719494}
{'Data': {'actor': 0, 'pai': '3m', 'tsumogiri': False, 'type': 'dahai'}, 'Rid': 105719494}
{'Data': {'actor': 1, 'consumed': ['3m', '3m'], 'pai': '3m', 'target': 0, 'type': 'pon'}, 'Rid': 105719494}
{'Data': {'actor': 1, 'pai': '9p', 'tsumogiri': False, 'type': 'dahai'}, 'Rid': 105719494}
{'Data': {'actor': 3, 'type': 'none'}, 'Rid': 105719494}
{'Data': {'actor': 2, 'pai': '6m', 'type': 'tsumo'}, 'Rid': 105719494}
{'Data': {'actor': 2, 'pai': 'S', 'tsumogiri': False, 'type': 'dahai'}, 'Rid': 105719494}
{'Data': {'actor': 3, 'pai': 'S', 'type': 'tsumo'}, 'Rid': 105719494}
{'Data': {'actor': 3, 'pai': 'S', 'tsumogiri': False, 'type': 'dahai'}, 'Rid': 105719494}
{'Data': {'actor': 0, 'pai': '1s', 'type': 'tsumo'}, 'Rid': 105719494}
{'Data': {'actor': 0, 'pai': '1s', 'tsumogiri': False, 'type': 'dahai'}, 'Rid': 105719494}
{'Data': {'actor': 1, 'pai': '3p', 'type': 'tsumo'}, 'Rid': 105719494}
{'Data': {'actor': 1, 'pai': 'W', 'tsumogiri': False, 'type': 'dahai'}, 'Rid': 105719494}
{'Data': {'actor': 2, 'pai': '5mr', 'type': 'tsumo'}, 'Rid': 105719494}
{'Data': {'actor': 2, 'pai': '1p', 'tsumogiri': False, 'type': 'dahai'}, 'Rid': 105719494}
{'Data': {'actor': 0, 'type': 'none'}, 'Rid': 105719494}
{'Data': {'actor': 3, 'pai': '3s', 'type': 'tsumo'}, 'Rid': 105719494}
{'Data': {'actor': 3, 'pai': '2m', 'tsumogiri': False, 'type': 'dahai'}, 'Rid': 105719494}
{'Data': {'actor': 0, 'pai': '8m', 'type': 'tsumo'}, 'Rid': 105719494}
{'Data': {'actor': 0, 'pai': '8m', 'tsumogiri': False, 'type': 'dahai'}, 'Rid': 105719494}
{'Data': {'actor': 1, 'pai': 'N', 'type': 'tsumo'}, 'Rid': 105719494}
{'Data': {'actor': 1, 'pai': 'N', 'tsumogiri': False, 'type': 'dahai'}, 'Rid': 105719494}
{'Data': {'actor': 2, 'pai': '7s', 'type': 'tsumo'}, 'Rid': 105719494}
{'Data': {'actor': 2, 'pai': 'E', 'tsumogiri': False, 'type': 'dahai'}, 'Rid': 105719494}
{'Data': {'actor': 3, 'pai': 'P', 'type': 'tsumo'}, 'Rid': 105719494}
{'Data': {'actor': 3, 'pai': '8m', 'tsumogiri': False, 'type': 'dahai'}, 'Rid': 105719494}
{'Data': {'actor': 0, 'pai': '7m', 'type': 'tsumo'}, 'Rid': 105719494}
{'Data': {'actor': 0, 'pai': '7m', 'tsumogiri': False, 'type': 'dahai'}, 'Rid': 105719494}
{'Data': {'actor': 2, 'type': 'none'}, 'Rid': 105719494}
{'Data': {'actor': 1, 'pai': '9s', 'type': 'tsumo'}, 'Rid': 105719494}
{'Data': {'actor': 1, 'pai': '9s', 'tsumogiri': False, 'type': 'dahai'}, 'Rid': 105719494}
{'Data': {'actor': 3, 'type': 'none'}, 'Rid': 105719494}
{'Data': {'actor': 2, 'pai': '9m', 'type': 'tsumo'}, 'Rid': 105719494}
{'Data': {'actor': 2, 'pai': 'C', 'tsumogiri': False, 'type': 'dahai'}, 'Rid': 105719494}
{'Data': {'actor': 3, 'pai': '1s', 'type': 'tsumo'}, 'Rid': 105719494}
{'Data': {'actor': 3, 'pai': 'C', 'tsumogiri': False, 'type': 'dahai'}, 'Rid': 105719494}
{'Data': {'actor': 0, 'pai': 'S', 'type': 'tsumo'}, 'Rid': 105719494}
{'Data': {'actor': 0, 'pai': 'S', 'tsumogiri': False, 'type': 'dahai'}, 'Rid': 105719494}
{'Data': {'actor': 1, 'pai': '6s', 'type': 'tsumo'}, 'Rid': 105719494}
{'Data': {'actor': 1, 'pai': 'W', 'tsumogiri': False, 'type': 'dahai'}, 'Rid': 105719494}
{'Data': {'actor': 2, 'pai': '5m', 'type': 'tsumo'}, 'Rid': 105719494}
{'Data': {'actor': 2, 'pai': '5m', 'tsumogiri': False, 'type': 'dahai'}, 'Rid': 105719494}
{'Data': {'actor': 3, 'pai': '9m', 'type': 'tsumo'}, 'Rid': 105719494}
{'Data': {'actor': 3, 'pai': '9m', 'tsumogiri': False, 'type': 'dahai'}, 'Rid': 105719494}
{'Data': {'actor': 2, 'type': 'none'}, 'Rid': 105719494}
{'Data': {'actor': 0, 'pai': 'F', 'type': 'tsumo'}, 'Rid': 105719494}
{'Data': {'actor': 0, 'pai': 'F', 'tsumogiri': False, 'type': 'dahai'}, 'Rid': 105719494}
{'Data': {'actor': 1, 'pai': 'F', 'type': 'tsumo'}, 'Rid': 105719494}
{'Data': {'actor': 1, 'pai': 'F', 'tsumogiri': False, 'type': 'dahai'}, 'Rid': 105719494}
{'Data': {'actor': 2, 'pai': '6p', 'type': 'tsumo'}, 'Rid': 105719494}
{'Data': {'actor': 2, 'pai': '9m', 'tsumogiri': False, 'type': 'dahai'}, 'Rid': 105719494}
{'Data': {'actor': 3, 'pai': '4m', 'type': 'tsumo'}, 'Rid': 105719494}
{'Data': {'actor': 3, 'pai': 'P', 'tsumogiri': False, 'type': 'dahai'}, 'Rid': 105719494}
{'Data': {'actor': 0, 'pai': '4m', 'type': 'tsumo'}, 'Rid': 105719494}
{'Data': {'actor': 0, 'pai': '4m', 'tsumogiri': False, 'type': 'dahai'}, 'Rid': 105719494}
{'Data': {'actor': 1, 'pai': '4m', 'type': 'tsumo'}, 'Rid': 105719494}
{'Data': {'actor': 1, 'pai': '2s', 'tsumogiri': False, 'type': 'dahai'}, 'Rid': 105719494}
{'Data': {'actor': 2, 'pai': '2p', 'type': 'tsumo'}, 'Rid': 105719494}
{'Data': {'actor': 2, 'pai': '2p', 'tsumogiri': False, 'type': 'dahai'}, 'Rid': 105719494}
{'Data': {'actor': 3, 'pai': '8s', 'type': 'tsumo'}, 'Rid': 105719494}
{'Data': {'actor': 3, 'pai': '9s', 'tsumogiri': False, 'type': 'dahai'}, 'Rid': 105719494}
{'Data': {'actor': 0, 'pai': '1m', 'type': 'tsumo'}, 'Rid': 105719494}
{'Data': {'actor': 0, 'pai': '1m', 'tsumogiri': False, 'type': 'dahai'}, 'Rid': 105719494}
{'Data': {'actor': 1, 'pai': 'W', 'type': 'tsumo'}, 'Rid': 105719494}
{'Data': {'actor': 1, 'pai': 'W', 'tsumogiri': False, 'type': 'dahai'}, 'Rid': 105719494}
{'Data': {'actor': 2, 'pai': 'P', 'type': 'tsumo'}, 'Rid': 105719494}
{'Data': {'actor': 2, 'pai': 'P', 'tsumogiri': False, 'type': 'dahai'}, 'Rid': 105719494}
{'Data': {'actor': 3, 'pai': '7s', 'type': 'tsumo'}, 'Rid': 105719494}
{'Data': {'actor': 3, 'pai': '3s', 'tsumogiri': False, 'type': 'dahai'}, 'Rid': 105719494}
{'Data': {'actor': 0, 'pai': '1m', 'type': 'tsumo'}, 'Rid': 105719494}
{'Data': {'actor': 0, 'pai': '1m', 'tsumogiri': False, 'type': 'dahai'}, 'Rid': 105719494}
{'Data': {'actor': 1, 'pai': 'P', 'type': 'tsumo'}, 'Rid': 105719494}
{'Data': {'actor': 1, 'pai': 'P', 'tsumogiri': False, 'type': 'dahai'}, 'Rid': 105719494}
{'Data': {'actor': 2, 'pai': 'N', 'type': 'tsumo'}, 'Rid': 105719494}
{'Data': {'actor': 2, 'pai': 'N', 'tsumogiri': False, 'type': 'dahai'}, 'Rid': 105719494}
{'Data': {'actor': 3, 'pai': '7p', 'type': 'tsumo'}, 'Rid': 105719494}
{'Data': {'actor': 3, 'pai': '1s', 'tsumogiri': False, 'type': 'dahai'}, 'Rid': 105719494}
{'Data': {'actor': 0, 'pai': '2m', 'type': 'tsumo'}, 'Rid': 105719494}
{'Data': {'actor': 0, 'pai': '2m', 'tsumogiri': False, 'type': 'dahai'}, 'Rid': 105719494}
{'Data': {'actor': 1, 'pai': 'C', 'type': 'tsumo'}, 'Rid': 105719494}
{'Data': {'actor': 1, 'pai': 'C', 'tsumogiri': False, 'type': 'dahai'}, 'Rid': 105719494}
{'Data': {'actor': 2, 'pai': '7s', 'type': 'tsumo'}, 'Rid': 105719494}
{'Data': {'actor': 2, 'pai': '4s', 'tsumogiri': False, 'type': 'dahai'}, 'Rid': 105719494}
{'Data': {'actor': 3, 'type': 'none'}, 'Rid': 105719494}
{'Data': {'actor': 3, 'pai': '6m', 'type': 'tsumo'}, 'Rid': 105719494}
{'Data': {'actor': 3, 'pai': '6m', 'tsumogiri': False, 'type': 'dahai'}, 'Rid': 105719494}
{'Data': {'actor': 0, 'pai': '8s', 'type': 'tsumo'}, 'Rid': 105719494}
{'Data': {'actor': 0, 'pai': '8s', 'tsumogiri': False, 'type': 'dahai'}, 'Rid': 105719494}
{'Data': {'actor': 1, 'consumed': ['6s', '7s'], 'pai': '6s', 'target': 0, 'type': 'chi'}, 'Rid': 105719494}
{'Data': {'actor': 1, 'pai': '8m', 'tsumogiri': False, 'type': 'dahai'}, 'Rid': 105719494}
{'Data': {'actor': 2, 'type': 'none'}, 'Rid': 105719494}
{'Data': {'actor': 2, 'pai': 'F', 'type': 'tsumo'}, 'Rid': 105719494}
{'Data': {'actor': 2, 'pai': 'F', 'tsumogiri': False, 'type': 'dahai'}, 'Rid': 105719494}
{'Data': {'actor': 3, 'pai': 'C', 'type': 'tsumo'}, 'Rid': 105719494}
{'Data': {'actor': 3, 'pai': 'C', 'tsumogiri': False, 'type': 'dahai'}, 'Rid': 105719494}
{'Data': {'actor': 0, 'pai': '3s', 'type': 'tsumo'}, 'Rid': 105719494}
{'Data': {'actor': 0, 'pai': '3s', 'tsumogiri': False, 'type': 'dahai'}, 'Rid': 105719494}
{'Data': {'actor': 2, 'pai': '3s', 'target': 0, 'type': 'hora'}, 'Rid': 105719494}
{'Data': {'type': 'end_kyoku'}, 'Rid': 105719494}
{'Data': {'bakaze': 'E', 'dora_marker': '6s', 'honba': 0, 'kyoku': 3, 'kyotaku': 0, 'oya': 1, 'scores': [18100, 22000, 40900, 19000], 'tehais': [['5mr', '8m', '9m', '9m', '1p', '2p', '4p', '8p', '7s', '8s', 'E', 'S', 'F'], ['3m', '4m', '6m', '8m', '2p', '3p', '3p', '7p', '3s', '5sr', '7s', 'E', 'N'], ['2m', '4m', '9m', '5p', '6p', '7p', '1s', '2s', '2s', '6s', '8s', '9s', 'S'], ['5m', '5m', '6p', '8p', '9p', '3s', '6s', '6s', '9s', '9s', 'E', 'W', 'C']], 'type': 'start_kyoku'}, 'Rid': 105719494}
{'Data': {'actor': 1, 'pai': 'P', 'type': 'tsumo'}, 'Rid': 105719494}
{'Data': {'actor': 1, 'pai': 'N', 'tsumogiri': False, 'type': 'dahai'}, 'Rid': 105719494}
{'Data': {'actor': 2, 'pai': 'E', 'type': 'tsumo'}, 'Rid': 105719494}
{'Data': {'actor': 2, 'pai': '9m', 'tsumogiri': False, 'type': 'dahai'}, 'Rid': 105719494}
{'Data': {'actor': 0, 'type': 'none'}, 'Rid': 105719494}
{'Data': {'actor': 3, 'pai': '5pr', 'type': 'tsumo'}, 'Rid': 105719494}
{'Data': {'actor': 3, 'pai': 'E', 'tsumogiri': False, 'type': 'dahai'}, 'Rid': 105719494}
{'Data': {'actor': 0, 'pai': '2m', 'type': 'tsumo'}, 'Rid': 105719494}
{'Data': {'actor': 0, 'pai': '2m', 'tsumogiri': False, 'type': 'dahai'}, 'Rid': 105719494}
{'Data': {'actor': 1, 'type': 'none'}, 'Rid': 105719494}
{'Data': {'actor': 1, 'pai': '4s', 'type': 'tsumo'}, 'Rid': 105719494}
{'Data': {'actor': 1, 'pai': 'P', 'tsumogiri': False, 'type': 'dahai'}, 'Rid': 105719494}
{'Data': {'actor': 2, 'pai': '7m', 'type': 'tsumo'}, 'Rid': 105719494}
{'Data': {'actor': 2, 'pai': '9s', 'tsumogiri': False, 'type': 'dahai'}, 'Rid': 105719494}
{'Data': {'actor': 3, 'type': 'none'}, 'Rid': 105719494}
{'Data': {'actor': 3, 'pai': '9p', 'type': 'tsumo'}, 'Rid': 105719494}
{'Data': {'actor': 3, 'pai': 'C', 'tsumogiri': False, 'type': 'dahai'}, 'Rid': 105719494}
{'Data': {'actor': 0, 'pai': '3s', 'type': 'tsumo'}, 'Rid': 105719494}
{'Data': {'actor': 0, 'pai': '3s', 'tsumogiri': False, 'type': 'dahai'}, 'Rid': 105719494}
{'Data': {'actor': 1, 'type': 'none'}, 'Rid': 105719494}
{'Data': {'actor': 1, 'pai': '1m', 'type': 'tsumo'}, 'Rid': 105719494}
{'Data': {'actor': 1, 'pai': 'E', 'tsumogiri': False, 'type': 'dahai'}, 'Rid': 105719494}
{'Data': {'actor': 2, 'pai': '1p', 'type': 'tsumo'}, 'Rid': 105719494}
{'Data': {'actor': 2, 'pai': '1p', 'tsumogiri': False, 'type': 'dahai'}, 'Rid': 105719494}
{'Data': {'actor': 3, 'pai': '8p', 'type': 'tsumo'}, 'Rid': 105719494}
{'Data': {'actor': 3, 'pai': '3s', 'tsumogiri': False, 'type': 'dahai'}, 'Rid': 105719494}
{'Data': {'actor': 0, 'pai': '6p', 'type': 'tsumo'}, 'Rid': 105719494}
{'Data': {'actor': 0, 'pai': '6p', 'tsumogiri': False, 'type': 'dahai'}, 'Rid': 105719494}
{'Data': {'actor': 1, 'pai': '4m', 'type': 'tsumo'}, 'Rid': 105719494}
{'Data': {'actor': 1, 'pai': '1m', 'tsumogiri': False, 'type': 'dahai'}, 'Rid': 105719494}
{'Data': {'actor': 2, 'pai': '3s', 'type': 'tsumo'}, 'Rid': 105719494}
{'Data': {'actor': 2, 'pai': 'S', 'tsumogiri': False, 'type': 'dahai'}, 'Rid': 105719494}
{'Data': {'actor': 3, 'pai': 'C', 'type': 'tsumo'}, 'Rid': 105719494}
{'Data': {'actor': 3, 'pai': '6p', 'tsumogiri': False, 'type': 'dahai'}, 'Rid': 105719494}
{'Data': {'actor': 0, 'pai': 'F', 'type': 'tsumo'}, 'Rid': 105719494}
{'Data': {'actor': 0, 'pai': 'F', 'tsumogiri': False, 'type': 'dahai'}, 'Rid': 105719494}
{'Data': {'actor': 1, 'pai': '8s', 'type': 'tsumo'}, 'Rid': 105719494}
{'Data': {'actor': 1, 'pai': '7p', 'tsumogiri': False, 'type': 'dahai'}, 'Rid': 105719494}
{'Data': {'actor': 2, 'type': 'none'}, 'Rid': 105719494}
{'Data': {'actor': 2, 'pai': '9s', 'type': 'tsumo'}, 'Rid': 105719494}
{'Data': {'actor': 2, 'pai': '9s', 'tsumogiri': False, 'type': 'dahai'}, 'Rid': 105719494}
{'Data': {'actor': 3, 'type': 'none'}, 'Rid': 105719494}
{'Data': {'actor': 3, 'pai': '3m', 'type': 'tsumo'}, 'Rid': 105719494}
{'Data': {'actor': 3, 'pai': '3m', 'tsumogiri': False, 'type': 'dahai'}, 'Rid': 105719494}
{'Data': {'actor': 0, 'pai': '5m', 'type': 'tsumo'}, 'Rid': 105719494}
{'Data': {'actor': 0, 'pai': '5m', 'tsumogiri': False, 'type': 'dahai'}, 'Rid': 105719494}
{'Data': {'actor': 1, 'type': 'none'}, 'Rid': 105719494}
{'Data': {'actor': 1, 'pai': '9m', 'type': 'tsumo'}, 'Rid': 105719494}
{'Data': {'actor': 1, 'pai': '9m', 'tsumogiri': False, 'type': 'dahai'}, 'Rid': 105719494}
{'Data': {'actor': 0, 'type': 'none'}, 'Rid': 105719494}
{'Data': {'actor': 2, 'pai': '3m', 'type': 'tsumo'}, 'Rid': 105719494}
{'Data': {'actor': 2, 'pai': 'E', 'tsumogiri': False, 'type': 'dahai'}, 'Rid': 105719494}
{'Data': {'actor': 3, 'pai': 'P', 'type': 'tsumo'}, 'Rid': 105719494}
{'Data': {'actor': 3, 'pai': 'C', 'tsumogiri': False, 'type': 'dahai'}, 'Rid': 105719494}
{'Data': {'actor': 0, 'pai': '7p', 'type': 'tsumo'}, 'Rid': 105719494}
{'Data': {'actor': 0, 'pai': '7p', 'tsumogiri': False, 'type': 'dahai'}, 'Rid': 105719494}
{'Data': {'actor': 1, 'pai': '7m', 'type': 'tsumo'}, 'Rid': 105719494}
{'Data': {'actor': 1, 'pai': '2p', 'tsumogiri': False, 'type': 'dahai'}, 'Rid': 105719494}
{'Data': {'actor': 2, 'pai': '2p', 'type': 'tsumo'}, 'Rid': 105719494}
{'Data': {'actor': 2, 'pai': '2p', 'tsumogiri': False, 'type': 'dahai'}, 'Rid': 105719494}
{'Data': {'actor': 3, 'pai': '1s', 'type': 'tsumo'}, 'Rid': 105719494}
{'Data': {'actor': 3, 'pai': '1s', 'tsumogiri': False, 'type': 'dahai'}, 'Rid': 105719494}
{'Data': {'actor': 0, 'pai': '5p', 'type': 'tsumo'}, 'Rid': 105719494}
{'Data': {'actor': 0, 'pai': '5p', 'tsumogiri': False, 'type': 'dahai'}, 'Rid': 105719494}
{'Data': {'actor': 1, 'pai': '2s', 'type': 'tsumo'}, 'Rid': 105719494}
{'Data': {'actor': 1, 'pai': '2s', 'tsumogiri': False, 'type': 'dahai'}, 'Rid': 105719494}
{'Data': {'actor': 2, 'type': 'none'}, 'Rid': 105719494}
{'Data': {'actor': 2, 'pai': '8m', 'type': 'tsumo'}, 'Rid': 105719494}
{'Data': {'actor': 2, 'pai': '2s', 'tsumogiri': False, 'type': 'dahai'}, 'Rid': 105719494}
{'Data': {'actor': 3, 'pai': '8s', 'type': 'tsumo'}, 'Rid': 105719494}
{'Data': {'actor': 3, 'pai': '8s', 'tsumogiri': False, 'type': 'dahai'}, 'Rid': 105719494}
{'Data': {'actor': 0, 'pai': '8m', 'type': 'tsumo'}, 'Rid': 105719494}
{'Data': {'actor': 0, 'pai': '8m', 'tsumogiri': False, 'type': 'dahai'}, 'Rid': 105719494}
{'Data': {'actor': 1, 'type': 'none'}, 'Rid': 105719494}
{'Data': {'actor': 1, 'pai': '1s', 'type': 'tsumo'}, 'Rid': 105719494}
{'Data': {'actor': 1, 'pai': '1s', 'tsumogiri': False, 'type': 'dahai'}, 'Rid': 105719494}
{'Data': {'actor': 2, 'pai': '5s', 'type': 'tsumo'}, 'Rid': 105719494}
{'Data': {'actor': 2, 'type': 'none'}, 'Rid': 105719494}
{'Data': {'actor': 2, 'pai': '8s', 'tsumogiri': False, 'type': 'dahai'}, 'Rid': 105719494}
{'Data': {'actor': 3, 'pai': '5s', 'type': 'tsumo'}, 'Rid': 105719494}
{'Data': {'actor': 3, 'pai': '5s', 'tsumogiri': False, 'type': 'dahai'}, 'Rid': 105719494}
{'Data': {'actor': 0, 'pai': '7s', 'type': 'tsumo'}, 'Rid': 105719494}
{'Data': {'actor': 0, 'pai': '7s', 'tsumogiri': False, 'type': 'dahai'}, 'Rid': 105719494}
{'Data': {'actor': 1, 'pai': '2m', 'type': 'tsumo'}, 'Rid': 105719494}
{'Data': {'actor': 1, 'type': 'reach'}, 'Rid': 105719494}
{'Data': {'actor': 1, 'pai': '4m', 'tsumogiri': False, 'type': 'dahai'}, 'Rid': 105719494}
{'Data': {'actor': 1, 'type': 'reach_accepted'}, 'Rid': 105719494}
{'Data': {'actor': 2, 'type': 'none'}, 'Rid': 105719494}
{'Data': {'actor': 2, 'pai': '8p', 'type': 'tsumo'}, 'Rid': 105719494}
{'Data': {'actor': 2, 'pai': '4m', 'tsumogiri': False, 'type': 'dahai'}, 'Rid': 105719494}
{'Data': {'actor': 3, 'pai': '4s', 'type': 'tsumo'}, 'Rid': 105719494}
{'Data': {'actor': 3, 'pai': 'P', 'tsumogiri': False, 'type': 'dahai'}, 'Rid': 105719494}
{'Data': {'actor': 0, 'pai': '1p', 'type': 'tsumo'}, 'Rid': 105719494}
{'Data': {'actor': 0, 'pai': '1p', 'tsumogiri': False, 'type': 'dahai'}, 'Rid': 105719494}
{'Data': {'actor': 1, 'pai': 'W', 'type': 'tsumo'}, 'Rid': 105719494}
{'Data': {'actor': 1, 'pai': 'W', 'tsumogiri': False, 'type': 'dahai'}, 'Rid': 105719494}
{'Data': {'actor': 2, 'pai': 'W', 'type': 'tsumo'}, 'Rid': 105719494}
{'Data': {'actor': 2, 'pai': 'W', 'tsumogiri': False, 'type': 'dahai'}, 'Rid': 105719494}
{'Data': {'actor': 3, 'pai': '4s', 'type': 'tsumo'}, 'Rid': 105719494}
{'Data': {'actor': 3, 'pai': 'W', 'tsumogiri': False, 'type': 'dahai'}, 'Rid': 105719494}
{'Data': {'actor': 0, 'pai': 'F', 'type': 'tsumo'}, 'Rid': 105719494}
{'Data': {'actor': 0, 'pai': 'F', 'tsumogiri': False, 'type': 'dahai'}, 'Rid': 105719494}
{'Data': {'actor': 1, 'pai': '7m', 'type': 'tsumo'}, 'Rid': 105719494}
{'Data': {'actor': 1, 'pai': '7m', 'tsumogiri': False, 'type': 'dahai'}, 'Rid': 105719494}
{'Data': {'actor': 2, 'pai': '4p', 'type': 'tsumo'}, 'Rid': 105719494}
{'Data': {'actor': 2, 'pai': '7m', 'tsumogiri': False, 'type': 'dahai'}, 'Rid': 105719494}
{'Data': {'actor': 3, 'pai': '2p', 'type': 'tsumo'}, 'Rid': 105719494}
{'Data': {'actor': 3, 'pai': '2p', 'tsumogiri': False, 'type': 'dahai'}, 'Rid': 105719494}
{'Data': {'actor': 0, 'pai': '3m', 'type': 'tsumo'}, 'Rid': 105719494}
{'Data': {'actor': 0, 'pai': '3m', 'tsumogiri': False, 'type': 'dahai'}, 'Rid': 105719494}
{'Data': {'actor': 1, 'pai': '7p', 'type': 'tsumo'}, 'Rid': 105719494}
{'Data': {'actor': 1, 'pai': '7p', 'tsumogiri': False, 'type': 'dahai'}, 'Rid': 105719494}
{'Data': {'actor': 2, 'type': 'none'}, 'Rid': 105719494}
{'Data': {'actor': 2, 'pai': 'S', 'type': 'tsumo'}, 'Rid': 105719494}
{'Data': {'actor': 2, 'pai': '3m', 'tsumogiri': False, 'type': 'dahai'}, 'Rid': 105719494}
{'Data': {'actor': 3, 'pai': '6m', 'type': 'tsumo'}, 'Rid': 105719494}
{'Data': {'actor': 3, 'pai': '6m', 'tsumogiri': False, 'type': 'dahai'}, 'Rid': 105719494}
{'Data': {'actor': 0, 'pai': 'C', 'type': 'tsumo'}, 'Rid': 105719494}
{'Data': {'actor': 0, 'pai': 'C', 'tsumogiri': False, 'type': 'dahai'}, 'Rid': 105719494}
{'Data': {'actor': 1, 'pai': '4m', 'type': 'tsumo'}, 'Rid': 105719494}
{'Data': {'actor': 1, 'pai': '4m', 'tsumogiri': False, 'type': 'dahai'}, 'Rid': 105719494}
{'Data': {'actor': 2, 'pai': '4s', 'type': 'tsumo'}, 'Rid': 105719494}
{'Data': {'actor': 2, 'pai': '7p', 'tsumogiri': False, 'type': 'dahai'}, 'Rid': 105719494}
{'Data': {'actor': 3, 'type': 'none'}, 'Rid': 105719494}
{'Data': {'actor': 3, 'pai': '7s', 'type': 'tsumo'}, 'Rid': 105719494}
{'Data': {'actor': 3, 'pai': '5pr', 'tsumogiri': False, 'type': 'dahai'}, 'Rid': 105719494}
{'Data': {'actor': 0, 'pai': '1m', 'type': 'tsumo'}, 'Rid': 105719494}
{'Data': {'actor': 0, 'pai': '1m', 'tsumogiri': False, 'type': 'dahai'}, 'Rid': 105719494}
{'Data': {'actor': 1, 'pai': '5p', 'type': 'tsumo'}, 'Rid': 105719494}
{'Data': {'actor': 1, 'pai': '5p', 'tsumogiri': False, 'type': 'dahai'}, 'Rid': 105719494}
{'Data': {'actor': 2, 'type': 'none'}, 'Rid': 105719494}
{'Data': {'actor': 2, 'pai': 'N', 'type': 'tsumo'}, 'Rid': 105719494}
{'Data': {'actor': 2, 'pai': '5p', 'tsumogiri': False, 'type': 'dahai'}, 'Rid': 105719494}
{'Data': {'actor': 3, 'pai': 'P', 'type': 'tsumo'}, 'Rid': 105719494}
{'Data': {'actor': 3, 'pai': 'P', 'tsumogiri': False, 'type': 'dahai'}, 'Rid': 105719494}
{'Data': {'actor': 0, 'pai': '6p', 'type': 'tsumo'}, 'Rid': 105719494}
{'Data': {'actor': 0, 'pai': '6p', 'tsumogiri': False, 'type': 'dahai'}, 'Rid': 105719494}
{'Data': {'actor': 1, 'pai': 'W', 'type': 'tsumo'}, 'Rid': 105719494}
{'Data': {'actor': 1, 'pai': 'W', 'tsumogiri': False, 'type': 'dahai'}, 'Rid': 105719494}
{'Data': {'actor': 2, 'pai': '1p', 'type': 'tsumo'}, 'Rid': 105719494}
{'Data': {'actor': 2, 'pai': '6p', 'tsumogiri': False, 'type': 'dahai'}, 'Rid': 105719494}
{'Data': {'actor': 3, 'pai': '9p', 'type': 'tsumo'}, 'Rid': 105719494}
{'Data': {'actor': 3, 'pai': '9p', 'tsumogiri': False, 'type': 'dahai'}, 'Rid': 105719494}
{'Data': {'actor': 0, 'pai': 'F', 'type': 'tsumo'}, 'Rid': 105719494}
{'Data': {'actor': 0, 'pai': 'F', 'tsumogiri': False, 'type': 'dahai'}, 'Rid': 105719494}
{'Data': {'actor': 1, 'pai': '3p', 'type': 'tsumo'}, 'Rid': 105719494}
{'Data': {'actor': 1, 'pai': '3p', 'tsumogiri': False, 'type': 'dahai'}, 'Rid': 105719494}
{'Data': {'actor': 2, 'pai': '7m', 'type': 'tsumo'}, 'Rid': 105719494}
{'Data': {'actor': 2, 'pai': '1s', 'tsumogiri': False, 'type': 'dahai'}, 'Rid': 105719494}
{'Data': {'actor': 3, 'pai': 'P', 'type': 'tsumo'}, 'Rid': 105719494}
{'Data': {'actor': 0, 'pai': 'C', 'type': 'tsumo'}, 'Rid': 105719494}
{'Data': {'actor': 0, 'pai': 'C', 'tsumogiri': False, 'type': 'dahai'}, 'Rid': 105719494}
{'Data': {'actor': 1, 'pai': '4p', 'type': 'tsumo'}, 'Rid': 105719494}
{'Data': {'actor': 1, 'pai': '4p', 'tsumogiri': False, 'type': 'dahai'}, 'Rid': 105719494}
{'Data': {'actor': 2, 'pai': '9p', 'type': 'tsumo'}, 'Rid': 105719494}
{'Data': {'actor': 2, 'pai': '4p', 'tsumogiri': False, 'type': 'dahai'}, 'Rid': 105719494}
{'Data': {'type': 'ryukyoku'}, 'Rid': 105719494}
{'Data': {'type': 'end_kyoku'}, 'Rid': 105719494}
{'Data': {'bakaze': 'E', 'dora_marker': '9p', 'honba': 1, 'kyoku': 3, 'kyotaku': 0, 'oya': 1, 'scores': [19600, 19500, 42400, 17500], 'tehais': [['1m', '4p', '8p', '8p', '1s', '3s', '6s', '6s', '9s', 'E', 'N', 'P', 'C'], ['4m', '5mr', '7m', '1p', '5p', '5p', '8p', '2s', '3s', '6s', '7s', '9s', 'W'], ['1m', '3m', '4m', '5m', '6m', '7m', '3p', '4p', '1s', '4s', '4s', '8s', 'P'], ['1m', '6m', '8m', '9m', '4p', '5pr', '8p', '3s', '4s', '7s', '8s', 'E', 'N']], 'type': 'start_kyoku'}, 'Rid': 105719494}
{'Data': {'actor': 1, 'pai': 'F', 'type': 'tsumo'}, 'Rid': 105719494}
{'Data': {'actor': 1, 'pai': 'W', 'tsumogiri': False, 'type': 'dahai'}, 'Rid': 105719494}
{'Data': {'actor': 2, 'pai': '3p', 'type': 'tsumo'}, 'Rid': 105719494}
{'Data': {'actor': 2, 'pai': '1s', 'tsumogiri': False, 'type': 'dahai'}, 'Rid': 105719494}
{'Data': {'actor': 3, 'pai': 'W', 'type': 'tsumo'}, 'Rid': 105719494}
{'Data': {'actor': 3, 'pai': 'N', 'tsumogiri': False, 'type': 'dahai'}, 'Rid': 105719494}
{'Data': {'actor': 0, 'pai': '2m', 'type': 'tsumo'}, 'Rid': 105719494}
{'Data': {'actor': 0, 'pai': '2m', 'tsumogiri': False, 'type': 'dahai'}, 'Rid': 105719494}
{'Data': {'actor': 1, 'pai': '8s', 'type': 'tsumo'}, 'Rid': 105719494}
{'Data': {'actor': 1, 'pai': 'F', 'tsumogiri': False, 'type': 'dahai'}, 'Rid': 105719494}
{'Data': {'actor': 2, 'pai': '7p', 'type': 'tsumo'}, 'Rid': 105719494}
{'Data': {'actor': 2, 'pai': 'P', 'tsumogiri': False, 'type': 'dahai'}, 'Rid': 105719494}
{'Data': {'actor': 3, 'pai': '2m', 'type': 'tsumo'}, 'Rid': 105719494}
{'Data': {'actor': 3, 'pai': '9m', 'tsumogiri': False, 'type': 'dahai'}, 'Rid': 105719494}
{'Data': {'actor': 0, 'pai': '6p', 'type': 'tsumo'}, 'Rid': 105719494}
{'Data': {'actor': 0, 'pai': '6p', 'tsumogiri': False, 'type': 'dahai'}, 'Rid': 105719494}
{'Data': {'actor': 1, 'pai': '6p', 'type': 'tsumo'}, 'Rid': 105719494}
{'Data': {'actor': 1, 'pai': '1p', 'tsumogiri': False, 'type': 'dahai'}, 'Rid': 105719494}
{'Data': {'actor': 2, 'pai': '1p', 'type': 'tsumo'}, 'Rid': 105719494}
{'Data': {'actor': 2, 'pai': '1m', 'tsumogiri': False, 'type': 'dahai'}, 'Rid': 105719494}
{'Data': {'actor': 3, 'pai': '9m', 'type': 'tsumo'}, 'Rid': 105719494}
{'Data': {'actor': 3, 'pai': '9m', 'tsumogiri': False, 'type': 'dahai'}, 'Rid': 105719494}
{'Data': {'actor': 0, 'pai': '9m', 'type': 'tsumo'}, 'Rid': 105719494}
{'Data': {'actor': 0, 'pai': '9m', 'tsumogiri': False, 'type': 'dahai'}, 'Rid': 105719494}
{'Data': {'actor': 1, 'pai': '3m', 'type': 'tsumo'}, 'Rid': 105719494}
{'Data': {'actor': 1, 'pai': '9s', 'tsumogiri': False, 'type': 'dahai'}, 'Rid': 105719494}
{'Data': {'actor': 2, 'pai': '6p', 'type': 'tsumo'}, 'Rid': 105719494}
{'Data': {'actor': 2, 'pai': '8s', 'tsumogiri': False, 'type': 'dahai'}, 'Rid': 105719494}
{'Data': {'actor': 3, 'pai': 'P', 'type': 'tsumo'}, 'Rid': 105719494}
{'Data': {'actor': 3, 'pai': 'P', 'tsumogiri': False, 'type': 'dahai'}, 'Rid': 105719494}
{'Data': {'actor': 0, 'pai': '7p', 'type': 'tsumo'}, 'Rid': 105719494}
{'Data': {'actor': 0, 'pai': '7p', 'tsumogiri': False, 'type': 'dahai'}, 'Rid': 105719494}
{'Data': {'actor': 1, 'type': 'none'}, 'Rid': 105719494}
{'Data': {'actor': 1, 'pai': 'E', 'type': 'tsumo'}, 'Rid': 105719494}
{'Data': {'actor': 1, 'pai': 'E', 'tsumogiri': False, 'type': 'dahai'}, 'Rid': 105719494}
{'Data': {'actor': 2, 'pai': '9p', 'type': 'tsumo'}, 'Rid': 105719494}
{'Data': {'actor': 2, 'pai': '9p', 'tsumogiri': False, 'type': 'dahai'}, 'Rid': 105719494}
{'Data': {'actor': 3, 'pai': '3m', 'type': 'tsumo'}, 'Rid': 105719494}
{'Data': {'actor': 3, 'pai': 'E', 'tsumogiri': False, 'type': 'dahai'}, 'Rid': 105719494}
{'Data': {'actor': 0, 'pai': '7p', 'type': 'tsumo'}, 'Rid': 105719494}
{'Data': {'actor': 0, 'pai': '7p', 'tsumogiri': False, 'type': 'dahai'}, 'Rid': 105719494}
{'Data': {'actor': 1, 'type': 'none'}, 'Rid': 105719494}
{'Data': {'actor': 1, 'pai': '9p', 'type': 'tsumo'}, 'Rid': 105719494}
{'Data': {'actor': 1, 'pai': '9p', 'tsumogiri': False, 'type': 'dahai'}, 'Rid': 105719494}
{'Data': {'actor': 2, 'pai': '8m', 'type': 'tsumo'}, 'Rid': 105719494}
{'Data': {'actor': 2, 'pai': '1p', 'tsumogiri': False, 'type': 'dahai'}, 'Rid': 105719494}
{'Data': {'actor': 3, 'pai': 'F', 'type': 'tsumo'}, 'Rid': 105719494}
{'Data': {'actor': 3, 'pai': '8p', 'tsumogiri': False, 'type': 'dahai'}, 'Rid': 105719494}
{'Data': {'actor': 0, 'type': 'none'}, 'Rid': 105719494}
{'Data': {'actor': 0, 'pai': '3s', 'type': 'tsumo'}, 'Rid': 105719494}
{'Data': {'actor': 0, 'pai': '3s', 'tsumogiri': False, 'type': 'dahai'}, 'Rid': 105719494}
{'Data': {'actor': 1, 'pai': '5s', 'type': 'tsumo'}, 'Rid': 105719494}
{'Data': {'actor': 1, 'pai': '8s', 'tsumogiri': False, 'type': 'dahai'}, 'Rid': 105719494}
{'Data': {'actor': 2, 'pai': '3p', 'type': 'tsumo'}, 'Rid': 105719494}
{'Data': {'actor': 2, 'type': 'reach'}, 'Rid': 105719494}
{'Data': {'actor': 2, 'pai': '4p', 'tsumogiri': False, 'type': 'dahai'}, 'Rid': 105719494}
{'Data': {'actor': 2, 'type': 'reach_accepted'}, 'Rid': 105719494}
{'Data': {'actor': 3, 'pai': '6m', 'type': 'tsumo'}, 'Rid': 105719494}
{'Data': {'actor': 3, 'pai': 'W', 'tsumogiri': False, 'type': 'dahai'}, 'Rid': 105719494}
{'Data': {'actor': 0, 'pai': 'C', 'type': 'tsumo'}, 'Rid': 105719494}
{'Data': {'actor': 0, 'pai': 'C', 'tsumogiri': False, 'type': 'dahai'}, 'Rid': 105719494}
{'Data': {'actor': 1, 'pai': '7m', 'type': 'tsumo'}, 'Rid': 105719494}
{'Data': {'actor': 1, 'pai': '8p', 'tsumogiri': False, 'type': 'dahai'}, 'Rid': 105719494}
{'Data': {'actor': 2, 'pai': '8p', 'target': 1, 'type': 'hora'}, 'Rid': 105719494}
{'Data': {'actor': 0, 'type': 'none'}, 'Rid': 105719494}
{'Data': {'type': 'end_kyoku'}, 'Rid': 105719494}
{'Data': {'bakaze': 'E', 'dora_marker': '7m', 'honba': 0, 'kyoku': 4, 'kyotaku': 0, 'oya': 2, 'scores': [19600, 14300, 48600, 17500], 'tehais': [['3m', '6m', '7m', '7m', '9m', '3p', '7p', '1s', '2s', '6s', '7s', 'N', 'P'], ['4m', '5m', '1p', '2p', '8p', '2s', '5s', '6s', '6s', 'E', 'E', 'W', 'C'], ['2m', '2m', '3m', '5m', '5p', '6p', '9p', '9p', '2s', '4s', '4s', '8s', 'S'], ['4m', '6m', '4p', '5p', '1s', '3s', '5s', '7s', '8s', 'W', 'N', 'P', 'P']], 'type': 'start_kyoku'}, 'Rid': 105719494}
{'Data': {'actor': 2, 'pai': 'W', 'type': 'tsumo'}, 'Rid': 105719494}
{'Data': {'actor': 2, 'pai': 'S', 'tsumogiri': False, 'type': 'dahai'}, 'Rid': 105719494}
{'Data': {'actor': 3, 'pai': 'N', 'type': 'tsumo'}, 'Rid': 105719494}
{'Data': {'actor': 3, 'pai': 'W', 'tsumogiri': False, 'type': 'dahai'}, 'Rid': 105719494}
{'Data': {'actor': 0, 'pai': 'W', 'type': 'tsumo'}, 'Rid': 105719494}
{'Data': {'actor': 0, 'pai': 'W', 'tsumogiri': False, 'type': 'dahai'}, 'Rid': 105719494}
{'Data': {'actor': 1, 'pai': '1m', 'type': 'tsumo'}, 'Rid': 105719494}
{'Data': {'actor': 1, 'pai': 'W', 'tsumogiri': False, 'type': 'dahai'}, 'Rid': 105719494}
{'Data': {'actor': 2, 'pai': 'N', 'type': 'tsumo'}, 'Rid': 105719494}
{'Data': {'actor': 2, 'pai': 'N', 'tsumogiri': False, 'type': 'dahai'}, 'Rid': 105719494}
{'Data': {'actor': 3, 'type': 'none'}, 'Rid': 105719494}
{'Data': {'actor': 3, 'pai': 'S', 'type': 'tsumo'}, 'Rid': 105719494}
{'Data': {'actor': 3, 'pai': 'S', 'tsumogiri': False, 'type': 'dahai'}, 'Rid': 105719494}
{'Data': {'actor': 0, 'pai': 'F', 'type': 'tsumo'}, 'Rid': 105719494}
{'Data': {'actor': 0, 'pai': 'F', 'tsumogiri': False, 'type': 'dahai'}, 'Rid': 105719494}
{'Data': {'actor': 1, 'pai': '3p', 'type': 'tsumo'}, 'Rid': 105719494}
{'Data': {'actor': 1, 'pai': '1m', 'tsumogiri': False, 'type': 'dahai'}, 'Rid': 105719494}
{'Data': {'actor': 2, 'type': 'none'}, 'Rid': 105719494}
{'Data': {'actor': 2, 'pai': '1p', 'type': 'tsumo'}, 'Rid': 105719494}
{'Data': {'actor': 2, 'pai': '1p', 'tsumogiri': False, 'type': 'dahai'}, 'Rid': 105719494}
{'Data': {'actor': 3, 'pai': 'F', 'type': 'tsumo'}, 'Rid': 105719494}
{'Data': {'actor': 3, 'pai': 'F', 'tsumogiri': False, 'type': 'dahai'}, 'Rid': 105719494}
{'Data': {'actor': 0, 'pai': '5p', 'type': 'tsumo'}, 'Rid': 105719494}
{'Data': {'actor': 0, 'pai': '5p', 'tsumogiri': False, 'type': 'dahai'}, 'Rid': 105719494}
{'Data': {'actor': 1, 'pai': '5sr', 'type': 'tsumo'}, 'Rid': 105719494}
{'Data': {'actor': 1, 'pai': '2s', 'tsumogiri': False, 'type': 'dahai'}, 'Rid': 105719494}
{'Data': {'actor': 2, 'pai': '1m', 'type': 'tsumo'}, 'Rid': 105719494}
{'Data': {'actor': 2, 'pai': 'W', 'tsumogiri': False, 'type': 'dahai'}, 'Rid': 105719494}
{'Data': {'actor': 3, 'pai': '8s', 'type': 'tsumo'}, 'Rid': 105719494}
{'Data': {'actor': 3, 'pai': '4m', 'tsumogiri': False, 'type': 'dahai'}, 'Rid': 105719494}
{'Data': {'actor': 0, 'pai': '8s', 'type': 'tsumo'}, 'Rid': 105719494}
{'Data': {'actor': 0, 'pai': '8s', 'tsumogiri': False, 'type': 'dahai'}, 'Rid': 105719494}
{'Data': {'actor': 3, 'type': 'none'}, 'Rid': 105719494}
{'Data': {'actor': 1, 'pai': '1m', 'type': 'tsumo'}, 'Rid': 105719494}
{'Data': {'actor': 1, 'pai': '1m', 'tsumogiri': False, 'type': 'dahai'}, 'Rid': 105719494}
{'Data': {'actor': 2, 'type': 'none'}, 'Rid': 105719494}
{'Data': {'actor': 2, 'pai': 'P', 'type': 'tsumo'}, 'Rid': 105719494}
{'Data': {'actor': 2, 'pai': 'P', 'tsumogiri': False, 'type': 'dahai'}, 'Rid': 105719494}
{'Data': {'actor': 3, 'consumed': ['P', 'P'], 'pai': 'P', 'target': 2, 'type': 'pon'}, 'Rid': 105719494}
{'Data': {'actor': 3, 'pai': '6m', 'tsumogiri': False, 'type': 'dahai'}, 'Rid': 105719494}
{'Data': {'actor': 0, 'pai': '9s', 'type': 'tsumo'}, 'Rid': 105719494}
{'Data': {'actor': 0, 'pai': '9s', 'tsumogiri': False, 'type': 'dahai'}, 'Rid': 105719494}
{'Data': {'actor': 1, 'pai': 'S', 'type': 'tsumo'}, 'Rid': 105719494}
{'Data': {'actor': 1, 'pai': '8p', 'tsumogiri': False, 'type': 'dahai'}, 'Rid': 105719494}
{'Data': {'actor': 2, 'pai': '2p', 'type': 'tsumo'}, 'Rid': 105719494}
{'Data': {'actor': 2, 'pai': '2p', 'tsumogiri': False, 'type': 'dahai'}, 'Rid': 105719494}
{'Data': {'actor': 3, 'pai': '4p', 'type': 'tsumo'}, 'Rid': 105719494}
{'Data': {'actor': 3, 'pai': '4p', 'tsumogiri': False, 'type': 'dahai'}, 'Rid': 105719494}
{'Data': {'actor': 0, 'pai': 'E', 'type': 'tsumo'}, 'Rid': 105719494}
{'Data': {'actor': 0, 'pai': 'E', 'tsumogiri': False, 'type': 'dahai'}, 'Rid': 105719494}
{'Data': {'actor': 1, 'consumed': ['E', 'E'], 'pai': 'E', 'target': 0, 'type': 'pon'}, 'Rid': 105719494}
{'Data': {'actor': 1, 'pai': 'C', 'tsumogiri': False, 'type': 'dahai'}, 'Rid': 105719494}
{'Data': {'actor': 2, 'pai': 'E', 'type': 'tsumo'}, 'Rid': 105719494}
{'Data': {'actor': 2, 'pai': 'E', 'tsumogiri': False, 'type': 'dahai'}, 'Rid': 105719494}
{'Data': {'actor': 3, 'pai': '3p', 'type': 'tsumo'}, 'Rid': 105719494}
{'Data': {'actor': 3, 'pai': '8s', 'tsumogiri': False, 'type': 'dahai'}, 'Rid': 105719494}
{'Data': {'actor': 0, 'type': 'none'}, 'Rid': 105719494}
{'Data': {'actor': 0, 'pai': 'F', 'type': 'tsumo'}, 'Rid': 105719494}
{'Data': {'actor': 0, 'pai': 'F', 'tsumogiri': False, 'type': 'dahai'}, 'Rid': 105719494}
{'Data': {'actor': 1, 'pai': '1m', 'type': 'tsumo'}, 'Rid': 105719494}
{'Data': {'actor': 1, 'pai': '1m', 'tsumogiri': False, 'type': 'dahai'}, 'Rid': 105719494}
{'Data': {'actor': 2, 'type': 'none'}, 'Rid': 105719494}
{'Data': {'actor': 2, 'pai': '9p', 'type': 'tsumo'}, 'Rid': 105719494}
{'Data': {'actor': 2, 'pai': '8s', 'tsumogiri': False, 'type': 'dahai'}, 'Rid': 105719494}
{'Data': {'actor': 3, 'pai': 'F', 'type': 'tsumo'}, 'Rid': 105719494}
{'Data': {'actor': 3, 'pai': 'F', 'tsumogiri': False, 'type': 'dahai'}, 'Rid': 105719494}
{'Data': {'actor': 0, 'pai': '7p', 'type': 'tsumo'}, 'Rid': 105719494}
{'Data': {'actor': 0, 'pai': '7p', 'tsumogiri': False, 'type': 'dahai'}, 'Rid': 105719494}
{'Data': {'actor': 1, 'pai': '6m', 'type': 'tsumo'}, 'Rid': 105719494}
{'Data': {'actor': 1, 'pai': 'S', 'tsumogiri': False, 'type': 'dahai'}, 'Rid': 105719494}
{'Data': {'actor': 2, 'pai': '3s', 'type': 'tsumo'}, 'Rid': 105719494}
{'Data': {'actor': 2, 'pai': '2m', 'tsumogiri': False, 'type': 'dahai'}, 'Rid': 105719494}
{'Data': {'actor': 3, 'pai': '3p', 'type': 'tsumo'}, 'Rid': 105719494}
{'Data': {'actor': 3, 'pai': '3p', 'tsumogiri': False, 'type': 'dahai'}, 'Rid': 105719494}
{'Data': {'actor': 0, 'pai': '7p', 'type': 'tsumo'}, 'Rid': 105719494}
{'Data': {'actor': 0, 'pai': '7p', 'tsumogiri': False, 'type': 'dahai'}, 'Rid': 105719494}
{'Data': {'actor': 1, 'pai': '6p', 'type': 'tsumo'}, 'Rid': 105719494}
{'Data': {'actor': 1, 'pai': '6p', 'tsumogiri': False, 'type': 'dahai'}, 'Rid': 105719494}
{'Data': {'actor': 2, 'pai': '8m', 'type': 'tsumo'}, 'Rid': 105719494}
{'Data': {'actor': 2, 'pai': '5m', 'tsumogiri': False, 'type': 'dahai'}, 'Rid': 105719494}
{'Data': {'actor': 3, 'pai': '3s', 'type': 'tsumo'}, 'Rid': 105719494}
{'Data': {'actor': 3, 'pai': '5s', 'tsumogiri': False, 'type': 'dahai'}, 'Rid': 105719494}
{'Data': {'actor': 1, 'pai': '5s', 'target': 3, 'type': 'hora'}, 'Rid': 105719494}
{'Data': {'actor': 2, 'type': 'none'}, 'Rid': 105719494}
{'Data': {'type': 'end_kyoku'}, 'Rid': 105719494}
{'Data': {'type': 'end_game'}, 'Rid': 105719494}
